TileSize 60
HeightScale 2
ZeroHeight 10
Stretch 8

LightData
Direction 1 1.1 1
Diffuse .8 .8 .8 1
Specular 1 1 1 1
Ambient .4 .4 .4 1

SkyBox materials/sky
Water materials/water
TerrainMaterial materials/terrain
Node
   TerrainParams
   Node
      Texture0
      HeightRange -10000 10000
      SlopeRange 0 0
      RandRange 0 10
   Node
      Texture1
      HeightRange -10000 10000
      SlopeRange 0 0
      RandRange 0 10
   Node
      Texture2
      HeightRange -10000 -10000
      SlopeRange 0 .80
      RandRange 500 500
   Node
      Texture3
      HeightRange -10000 5
      SlopeRange 0 0
      RandRange 500 500
   Node
      Texture4
      HeightRange -10000 -10000
      SlopeRange 0 0
      RandRange 0 10
   Node
      Texture5
      HeightRange -10000 -10000
      SlopeRange 0 0
      RandRange 0 10
      
Node
   GrassData
   Node
      File grass
      Model models/grass/base
      GroupSize 10
      Density 75

Node
   SpawnPoints
   Node
      Team 1
      Location 2940 275 600
      Name Base1
   Node
      Team 2
      Location 840 275 3180
      Name Base2
      
Node
   Objects
   Node
      Type proctree
      Materials materials/bark materials/leaves
      seed 11
      numlevels 2
      numslices 3
      numbranches0 12
      numbranches1 3
      numbranches2 3
      numbranches3 2
      numsegs 6
      numleaves 1
      maxangle 70
      minangle 2
      maxbranchangle 15
      initrad 8
      radreductionperc .2
      initheight 50
      heightreductionperc .8
      firstleaflevel 2
      leafsize 30
      trunkrad 10
      trunknumslices 10
      trunktaper .8
      trunknumsegs 5
      branchevery 999
      sidebranches 999
      maxsidebranchangle 10
      split 1
      continuebranch 0
      multitrunk 0
      branchwithleaves 0
      curvecoeff .02
      endopts
      ImpostorDistance 150
      size 160
      Position 2700 150 700
      Rotations 0 0 0
   Node
      Type proctree
      Materials materials/bark materials/leaves
      seed 24
      numlevels 2
      numslices 3
      numbranches0 12
      numbranches1 3
      numbranches2 3
      numbranches3 2
      numsegs 6
      numleaves 1
      maxangle 70
      minangle 2
      maxbranchangle 15
      initrad 8
      radreductionperc .2
      initheight 60
      heightreductionperc .8
      firstleaflevel 2
      leafsize 30
      trunkrad 10
      trunknumslices 10
      trunktaper .8
      trunknumsegs 5
      branchevery 999
      sidebranches 999
      maxsidebranchangle 10
      split 1
      continuebranch 0
      multitrunk 0
      branchwithleaves 0
      curvecoeff .02
      endopts
      ImpostorDistance 150
      size 160
      Position 3180 150 830
      Rotations 0 0 0
   Node
      Type proctree
      Materials materials/bark materials/leaves
      seed 110
      numlevels 2
      numslices 3
      numbranches0 12
      numbranches1 3
      numbranches2 3
      numbranches3 2
      numsegs 6
      numleaves 1
      maxangle 70
      minangle 2
      maxbranchangle 15
      initrad 8
      radreductionperc .2
      initheight 35
      heightreductionperc .8
      firstleaflevel 2
      leafsize 30
      trunkrad 10
      trunknumslices 10
      trunktaper .8
      trunknumsegs 5
      branchevery 999
      sidebranches 999
      maxsidebranchangle 10
      split 1
      continuebranch 0
      multitrunk 0
      branchwithleaves 0
      curvecoeff .02
      endopts
      ImpostorDistance 150
      size 160
      Position 3000 150 860
      Rotations 0 0 0
   Node
      Type proctree
      Materials materials/bark materials/leaves
      seed 101
      numlevels 2
      numslices 3
      numbranches0 12
      numbranches1 3
      numbranches2 3
      numbranches3 2
      numsegs 6
      numleaves 1
      maxangle 70
      minangle 2
      maxbranchangle 15
      initrad 8
      radreductionperc .2
      initheight 50
      heightreductionperc .8
      firstleaflevel 2
      leafsize 30
      trunkrad 10
      trunknumslices 10
      trunktaper .8
      trunknumsegs 5
      branchevery 999
      sidebranches 999
      maxsidebranchangle 10
      split 1
      continuebranch 0
      multitrunk 0
      branchwithleaves 0
      curvecoeff .02
      endopts
      ImpostorDistance 150
      size 160
      Position 3200 150 500
      Rotations 0 0 0
   Node
      Type proctree
      Materials materials/bark materials/leaves
      seed 24
      numlevels 2
      numslices 3
      numbranches0 12
      numbranches1 3
      numbranches2 3
      numbranches3 2
      numsegs 6
      numleaves 1
      maxangle 70
      minangle 2
      maxbranchangle 15
      initrad 8
      radreductionperc .2
      initheight 60
      heightreductionperc .8
      firstleaflevel 2
      leafsize 30
      trunkrad 10
      trunknumslices 10
      trunktaper .8
      trunknumsegs 5
      branchevery 999
      sidebranches 999
      maxsidebranchangle 10
      split 1
      continuebranch 0
      multitrunk 0
      branchwithleaves 0
      curvecoeff .02
      endopts
      ImpostorDistance 150
      size 160
      Position 1200 45 1350
      Rotations 0 0 0
   
Disabled now
Node
   Type External
   BaseFile models/nemesis/torso/base
   Position 2000 500 2000
   Rotations 0 0 0
   AnimSpeed 5
   Scale .013
Node
   Type External
   BaseFile models/nemesis/legs/base
   Position 2000 500 2000
   Rotations 0 0 0
   AnimSpeed 5
   Scale .003
Node
   Type External
   BaseFile models/nemesis/larm/base
   Position 1980 500 2000
   Rotations 0 0 0
   AnimSpeed 5
   Scale .006
Node
   Type External
   BaseFile models/nemesis/rarm/base
   Position 2100 500 2000
   Rotations 0 0 0
   AnimSpeed 5
   Scale .006
