TileSize 60
HeightScale 2
ZeroHeight 10
Stretch 8

LightData
Direction 1 1.1 1
Diffuse .8 .8 .8 1
Specular 1 1 1 1
Ambient .4 .4 .4 1

SkyBox materials/sky
Water materials/water
TerrainParams
   Texture0
      File textures/grass/Grass.png
      HeightRange -10000 10000
      SlopeRange 0 0
      RandRange 0 10
   Texture1
      File textures/rock/Rock.png
      HeightRange -10000 -10000
      SlopeRange 0 .8
      RandRange 500 500
   Texture2
      File textures/ground/Dirt.png
      HeightRange -10000 5
      SlopeRange 0 0
      RandRange 500 500
      
GrassData
   Node
      File grass
      Model models/grass/base
      GroupSize 10
      Density 75

SpawnPoints
   Node
      Team 1
      Location 3145.35 285 666.044
      Name Base1
   Node
      Team 2
      Location 634.65 285 3113.96
      Name Base2
Objects
   Node
      Type proctree
      Position 1200 45 1350
      Rotations 0 0 0
      Name 
      Materials materials/bark materials/leaves
      seed 24
      ImpostorDistance 150
      trunkrad 10
      trunknumsegs 5
      trunknumslices 10
      trunktaper 0.8
      maxtrunkangle 5
      maxbranchangle 15
      initheight 60
      heightreductionperc 0.8
      initrad 8
      radreductionperc 0.2
      numlevels 2
      numslices 3
      numsegs 6
      numbranches0 12
      numbranches1 3
      numbranches2 3
      curvecoeff 0.02
      maxangle 70
      minangle 2
      sidebranches 0
      minsidebranchangle -10
      maxsidebranchangle 10
      branchafter 1
      sidetaper 0.7
      sidesizeperc 0.75
      numleaves 1
      leafsize 30
      leafsegs 2
      leafcurve 15
      firstleaflevel 2
   Node
      Type proctree
      Position 2580 45 2430
      Rotations 0 0 0
      Name 
      Materials materials/bark materials/leaves
      seed 24
      ImpostorDistance 150
      trunkrad 10
      trunknumsegs 5
      trunknumslices 10
      trunktaper 0.8
      maxtrunkangle 5
      maxbranchangle 15
      initheight 60
      heightreductionperc 0.8
      initrad 8
      radreductionperc 0.2
      numlevels 2
      numslices 3
      numsegs 6
      numbranches0 12
      numbranches1 3
      numbranches2 3
      curvecoeff 0.02
      maxangle 70
      minangle 2
      sidebranches 0
      minsidebranchangle -10
      maxsidebranchangle 10
      branchafter 1
      sidetaper 0.7
      sidesizeperc 0.75
      numleaves 1
      leafsize 30
      leafsegs 2
      leafcurve 15
      firstleaflevel 2
