TileSize 3
HeightScale .08
ZeroHeight 2
NumTextures 18
NumObjects 26
Stretch 8

LightData
Direction -1 1 -1
Diffuse 1.3 1.3 1.3 1
Specular 1 1 1 1
Ambient .4 .4 .4 1

SkyBox materials/sky

TerrainMaterial materials/terrain
Node
   TerrainParams
   Node
      Texture0
      HeightRange -10000 10000
      SlopeRange 0 0
      RandRange 0 10
   Node
      Texture1
      HeightRange -10000 10000
      SlopeRange 0 0
      RandRange 0 10
   Node
      Texture2
      HeightRange -10000 -10000
      SlopeRange 0 .80
      RandRange 500 500
   Node
      Texture3
      HeightRange -10000 .5
      SlopeRange 0 0
      RandRange 500 500
   Node
      Texture4
      HeightRange -10000 -10000
      SlopeRange 0 0
      RandRange 0 10
   Node
      Texture5
      HeightRange -10000 -10000
      SlopeRange 0 0
      RandRange 0 10
      
Node
   GrassData
   Node
      File grass
      Model models/grass/base
      GroupSize 20
      Density 3

Node
   SpawnPoints
   Node
      Team 1
      Location 15 15 15
      Name Team1Spawn
   Node
      Team 2
      Location 25 25 25
      Name Team2Spawn

Node
   Objects
   Node
      Type External
      Files unittest/torso
      Position 40 20 40
      Rotations -45 25 0
      NumFrames 3 // It's probably bad that we have to specify this here...
      AnimSpeed 5
      Scale .002
   Node
      Type bush
      Materials materials/leaves1
      Size 1
      Position 55.5 -.1 52.5
      Rotations 0 0 0
      NumLeaves 10
   Node
      Type bush
      Materials materials/leaves1
      Size 1.4
      Position 65.5 -.1 20.5
      Rotations 0 0 0
      NumLeaves 8
   Node
      Type bush
      Materials materials/leaves1
      Size 1.4
      Position 50 50 50
      Rotations 0 0 0
      NumLeaves 8
   Node
      Type proctree
      Materials materials/bark materials/leaves
      numlevels 2
      numslices 3
      numbranches0 12
      numbranches1 3
      numbranches2 3
      numbranches3 2
      numsegs 6
      numleaves 1
      maxangle 70
      minangle 2
      maxbranchangle 15
      initrad .8
      radreductionperc .2
      initheight 5
      heightreductionperc .8
      firstleaflevel 2
      leafsize 3
      trunkrad 1
      trunknumslices 10
      trunktaper .8
      trunknumsegs 5
      branchevery 999
      sidebranches 999
      maxsidebranchangle 10
      split 1
      continuebranch 0
      multitrunk 0
      branchwithleaves 0
      curvecoeff .02
      endopts
      ImpostorDistance 15
      size 16
      Position 15 -.1 25
      Rotations 0 0 0
   Node
      Type proctree
      Materials materials/bark materials/leaves
      numlevels 2
      numslices 2
      numbranches0 8
      numbranches1 3
      numbranches2 3
      numbranches3 2
      numsegs 3
      numleaves 1
      maxangle 70
      minangle 2
      maxbranchangle 15
      initrad .8
      radreductionperc .2
      initheight 2
      heightreductionperc .8
      firstleaflevel 2
      leafsize 2
      trunkrad .6
      trunknumslices 10
      trunktaper .7
      trunknumsegs 2
      branchevery 999
      sidebranches 999
      maxsidebranchangle 10
      split 1
      continuebranch 0
      multitrunk 0
      branchwithleaves 1
      endopts
      ImpostorDistance 15
      size 12
      Position 25 -.1 25
      Rotations 0 0 0
   Node
      Type proctree
      Materials materials/bark materials/leaves
      numlevels 2
      numslices 3
      numbranches0 7
      numbranches1 5
      numbranches2 3
      numbranches3 2
      numsegs 6
      numleaves 1
      maxangle 70
      minangle 2
      maxbranchangle 25
      initrad .8
      radreductionperc .2
      initheight 4
      heightreductionperc .9
      firstleaflevel 20
      leafsize 3
      trunkrad .7
      trunknumslices 6
      trunktaper .5
      trunknumsegs 1
      branchevery 999
      sidebranches 999
      minsidebranchangle -10
      maxsidebranchangle 10
      split 1
      continuebranch 0
      multitrunk 0
      branchwithleaves 1
      curvecoeff .02
      endopts
      ImpostorDistance 15
      size 16
      Position 15 -.1 35
      Rotations 0 0 0
   Node
      Type proctree
      Materials materials/bark materials/leaves
      numlevels 1
      numslices 3
      numsegs 5
      numleaves 1
      maxangle 70
      minangle 2
      maxbranchangle 8
      initrad .3
      radreductionperc .2
      initheight 10
      heightreductionperc .4
      firstleaflevel 20
      leafsize 1
      trunkrad .5
      trunknumslices 10
      trunktaper .8
      trunknumsegs 8
      branchevery 1
      sidebranches 10
      minsidebranchangle 20
      maxsidebranchangle 25
      split 0
      continuebranch 0
      multitrunk 0
      branchwithleaves 1
      sidetaper .8
      curvecoeff .02
      endopts
      ImpostorDistance 15
      size 16
      Position 15 -.1 45
      Rotations 0 0 0
   Node
      Type proctree
      Materials materials/bark materials/leaves
      numlevels 2
      numslices 3
      numbranches0 7
      numbranches1 5
      numbranches2 3
      numbranches3 2
      numsegs 6
      numleaves 1
      maxangle 70
      minangle 2
      maxbranchangle 25
      initrad .8
      radreductionperc .2
      initheight 4
      heightreductionperc .9
      firstleaflevel 20
      leafsize 3
      trunkrad .7
      trunknumslices 6
      trunktaper .5
      trunknumsegs 1
      branchevery 999
      sidebranches 999
      maxsidebranchangle 10
      split 1
      continuebranch 0
      multitrunk 0
      branchwithleaves 1
      endopts
      ImpostorDistance 15
      size 16
      Position 25 -.1 40
      Rotations 0 0 0
   Node
      Type proctree
      Materials materials/bark materials/leaves
      numlevels 2
      numslices 3
      numbranches0 7
      numbranches1 5
      numbranches2 3
      numbranches3 2
      numsegs 6
      numleaves 1
      maxangle 70
      minangle 2
      maxbranchangle 25
      initrad .8
      radreductionperc .2
      initheight 4
      heightreductionperc .9
      firstleaflevel 20
      leafsize 3
      trunkrad .7
      trunknumslices 6
      trunktaper .5
      trunknumsegs 1
      branchevery 999
      sidebranches 999
      maxsidebranchangle 10
      split 1
      continuebranch 0
      multitrunk 0
      branchwithleaves 1
      endopts
      ImpostorDistance 15
      size 16
      Position 30 -.1 55
      Rotations 0 0 0
   Node
      Type proctree
      Materials materials/bark materials/leaves
      numlevels 2
      numslices 3
      numbranches0 12
      numbranches1 3
      numbranches2 3
      numbranches3 2
      numsegs 3
      numleaves 1
      maxangle 70
      minangle 2
      maxbranchangle 15
      initrad .8
      radreductionperc .2
      initheight 5
      heightreductionperc .8
      firstleaflevel 2
      leafsize 3
      trunkrad 1
      trunknumslices 10
      trunktaper .7
      trunknumsegs 2
      branchevery 999
      sidebranches 999
      maxsidebranchangle 10
      split 1
      continuebranch 0
      multitrunk 0
      branchwithleaves 1
      endopts
      ImpostorDistance 15
      size 16
      Position 25 -.1 50
      Rotations 0 0 0
   Node
      Type proctree
      Materials materials/bark materials/leaves
      numlevels 2
      numslices 3
      numbranches0 12
      numbranches1 3
      numbranches2 3
      numbranches3 2
      numsegs 3
      numleaves 1
      maxangle 70
      minangle 2
      maxbranchangle 15
      initrad .8
      radreductionperc .2
      initheight 5
      heightreductionperc .8
      firstleaflevel 2
      leafsize 3
      trunkrad 1
      trunknumslices 10
      trunktaper .7
      trunknumsegs 2
      branchevery 999
      sidebranches 999
      maxsidebranchangle 10
      split 1
      continuebranch 0
      multitrunk 0
      branchwithleaves 1
      endopts
      ImpostorDistance 15
      size 16
      Position 15 -.1 55
      Rotations 0 0 0
   Node
      Type proctree
      Materials materials/bark materials/leaves
      numlevels 2
      numslices 3
      numbranches0 12
      numbranches1 3
      numbranches2 3
      numbranches3 2
      numsegs 3
      numleaves 1
      maxangle 70
      minangle 2
      maxbranchangle 15
      initrad .8
      radreductionperc .2
      initheight 5
      heightreductionperc .8
      firstleaflevel 2
      leafsize 3
      trunkrad 1
      trunknumslices 10
      trunktaper .7
      trunknumsegs 2
      branchevery 999
      sidebranches 999
      maxsidebranchangle 10
      split 1
      continuebranch 0
      multitrunk 0
      branchwithleaves 1
      endopts
      ImpostorDistance 15
      size 16
      Position 25 -.1 15
      Rotations 0 0 0
   Node
      Type proctree
      Materials materials/bark materials/leaves
      numlevels 2
      numslices 3
      numbranches0 12
      numbranches1 3
      numbranches2 3
      numbranches3 2
      numsegs 3
      numleaves 1
      maxangle 70
      minangle 2
      maxbranchangle 15
      initrad .8
      radreductionperc .2
      initheight 5
      heightreductionperc .8
      firstleaflevel 2
      leafsize 3
      trunkrad 1
      trunknumslices 10
      trunktaper .7
      trunknumsegs 2
      branchevery 999
      sidebranches 999
      maxsidebranchangle 10
      split 1
      continuebranch 0
      multitrunk 0
      branchwithleaves 1
      endopts
      ImpostorDistance 15
      size 16
      Position 20 -.1 55
      Rotations 0 0 0
   Node
      Type proctree
      Materials materials/bark materials/leaves
      numlevels 2
      numslices 3
      numbranches0 12
      numbranches1 3
      numbranches2 3
      numbranches3 2
      numsegs 3
      numleaves 1
      maxangle 70
      minangle 2
      maxbranchangle 15
      initrad .8
      radreductionperc .2
      initheight 5
      heightreductionperc .8
      firstleaflevel 2
      leafsize 3
      trunkrad 1
      trunknumslices 10
      trunktaper .7
      trunknumsegs 2
      branchevery 999
      sidebranches 999
      maxsidebranchangle 10
      split 1
      continuebranch 0
      multitrunk 0
      branchwithleaves 1
      endopts
      ImpostorDistance 15
      size 16
      Position 30 -.1 45
      Rotations 0 0 0
   Node
      Type proctree
      Materials materials/bark materials/leaves
      numlevels 2
      numslices 3
      numbranches0 12
      numbranches1 3
      numbranches2 3
      numbranches3 2
      numsegs 3
      numleaves 1
      maxangle 70
      minangle 2
      maxbranchangle 15
      initrad .8
      radreductionperc .2
      initheight 5
      heightreductionperc .8
      firstleaflevel 2
      leafsize 3
      trunkrad 1
      trunknumslices 10
      trunktaper .7
      trunknumsegs 2
      branchevery 999
      sidebranches 999
      maxsidebranchangle 10
      split 1
      continuebranch 0
      multitrunk 0
      branchwithleaves 1
      endopts
      ImpostorDistance 15
      size 16
      Position 45 -.1 65
      Rotations 0 0 0
   Node
      Type proctree
      Materials materials/bark materials/leaves
      numlevels 2
      numslices 3
      numbranches0 12
      numbranches1 3
      numbranches2 3
      numbranches3 2
      numsegs 3
      numleaves 1
      maxangle 70
      minangle 2
      maxbranchangle 15
      initrad .8
      radreductionperc .2
      initheight 5
      heightreductionperc .8
      firstleaflevel 2
      leafsize 3
      trunkrad 1
      trunknumslices 10
      trunktaper .7
      trunknumsegs 2
      branchevery 999
      sidebranches 999
      maxsidebranchangle 10
      split 1
      continuebranch 0
      multitrunk 0
      branchwithleaves 1
      endopts
      ImpostorDistance 15
      size 16
      Position 55 -.1 65
      Rotations 0 0 0
   Node
      Type proctree
      Materials materials/bark materials/leaves
      numlevels 2
      numslices 3
      numbranches0 12
      numbranches1 3
      numbranches2 3
      numbranches3 2
      numsegs 3
      numleaves 1
      maxangle 70
      minangle 2
      maxbranchangle 15
      initrad .8
      radreductionperc .2
      initheight 5
      heightreductionperc .8
      firstleaflevel 2
      leafsize 3
      trunkrad 1
      trunknumslices 10
      trunktaper .7
      trunknumsegs 2
      branchevery 999
      sidebranches 999
      maxsidebranchangle 10
      split 1
      continuebranch 0
      multitrunk 0
      branchwithleaves 1
      endopts
      ImpostorDistance 15
      size 16
      Position 55 -.1 55
      Rotations 0 0 0
   Node
      Type proctree
      Materials materials/bark materials/leaves
      numlevels 2
      numslices 3
      numbranches0 12
      numbranches1 3
      numbranches2 3
      numbranches3 2
      numsegs 3
      numleaves 1
      maxangle 70
      minangle 2
      maxbranchangle 15
      initrad .8
      radreductionperc .2
      initheight 5
      heightreductionperc .8
      firstleaflevel 2
      leafsize 3
      trunkrad 1
      trunknumslices 10
      trunktaper .7
      trunknumsegs 2
      branchevery 999
      sidebranches 999
      maxsidebranchangle 10
      split 1
      continuebranch 0
      multitrunk 0
      branchwithleaves 1
      endopts
      ImpostorDistance 15
      size 16
      Position 50 -.1 15
      Rotations 0 0 0
   Node
      Type proctree
      Materials materials/bark materials/leaves
      numlevels 2
      numslices 3
      numbranches0 12
      numbranches1 3
      numbranches2 3
      numbranches3 2
      numsegs 3
      numleaves 1
      maxangle 70
      minangle 2
      maxbranchangle 15
      initrad .8
      radreductionperc .2
      initheight 5
      heightreductionperc .8
      firstleaflevel 2
      leafsize 3
      trunkrad 1
      trunknumslices 10
      trunktaper .7
      trunknumsegs 2
      branchevery 999
      sidebranches 999
      maxsidebranchangle 10
      split 1
      continuebranch 0
      multitrunk 0
      branchwithleaves 1
      endopts
      ImpostorDistance 15
      size 16
      Position 65 -.1 35
      Rotations 0 0 0
   Node
      Type proctree
      Materials materials/bark materials/leaves
      numlevels 2
      numslices 3
      numbranches0 12
      numbranches1 3
      numbranches2 3
      numbranches3 2
      numsegs 3
      numleaves 1
      maxangle 70
      minangle 2
      maxbranchangle 15
      initrad .8
      radreductionperc .2
      initheight 5
      heightreductionperc .8
      firstleaflevel 2
      leafsize 3
      trunkrad 1
      trunknumslices 10
      trunktaper .7
      trunknumsegs 2
      branchevery 999
      sidebranches 999
      maxsidebranchangle 10
      split 1
      continuebranch 0
      multitrunk 0
      branchwithleaves 1
      endopts
      ImpostorDistance 15
      size 16
      Position 45 -.1 45
      Rotations 0 0 0
   Node
      Type proctree
      Materials materials/bark materials/leaves
      numlevels 2
      numslices 3
      numbranches0 12
      numbranches1 3
      numbranches2 3
      numbranches3 2
      numsegs 3
      numleaves 1
      maxangle 70
      minangle 2
      maxbranchangle 15
      initrad .8
      radreductionperc .2
      initheight 5
      heightreductionperc .8
      firstleaflevel 2
      leafsize 3
      trunkrad 1
      trunknumslices 10
      trunktaper .7
      trunknumsegs 2
      branchevery 999
      sidebranches 999
      maxsidebranchangle 10
      split 1
      continuebranch 0
      multitrunk 0
      branchwithleaves 1
      endopts
      ImpostorDistance 15
      size 16
      Position 55 -.1 35
      Rotations 0 0 0
   Node
      Type proctree
      Materials materials/bark materials/leaves
      numlevels 2
      numslices 3
      numbranches0 12
      numbranches1 3
      numbranches2 3
      numbranches3 2
      numsegs 3
      numleaves 1
      maxangle 70
      minangle 2
      maxbranchangle 15
      initrad .8
      radreductionperc .2
      initheight 5
      heightreductionperc .8
      firstleaflevel 2
      leafsize 3
      trunkrad 1
      trunknumslices 10
      trunktaper .7
      trunknumsegs 2
      branchevery 999
      sidebranches 999
      maxsidebranchangle 10
      split 1
      continuebranch 0
      multitrunk 0
      branchwithleaves 1
      endopts
      ImpostorDistance 15
      size 16
      Position 45 -.1 30
      Rotations 0 0 0
   Node
      Type proctree
      Materials materials/bark materials/leaves
      numlevels 2
      numslices 3
      numbranches0 12
      numbranches1 3
      numbranches2 3
      numbranches3 2
      numsegs 3
      numleaves 1
      maxangle 70
      minangle 2
      maxbranchangle 15
      initrad .8
      radreductionperc .2
      initheight 5
      heightreductionperc .8
      firstleaflevel 2
      leafsize 3
      trunkrad 1
      trunknumslices 10
      trunktaper .7
      trunknumsegs 2
      branchevery 999
      sidebranches 999
      maxsidebranchangle 10
      split 1
      continuebranch 0
      multitrunk 0
      branchwithleaves 1
      endopts
      ImpostorDistance 15
      size 16
      Position 35 -.1 35
      Rotations 0 0 0
   Node
      Type proctree
      Materials materials/bark materials/leaves
      numlevels 2
      numslices 3
      numbranches0 12
      numbranches1 3
      numbranches2 3
      numbranches3 2
      numsegs 3
      numleaves 1
      maxangle 70
      minangle 2
      maxbranchangle 15
      initrad .8
      radreductionperc .2
      initheight 5
      heightreductionperc .8
      firstleaflevel 2
      leafsize 3
      trunkrad 1
      trunknumslices 10
      trunktaper .7
      trunknumsegs 2
      branchevery 999
      sidebranches 999
      maxsidebranchangle 10
      split 1
      continuebranch 0
      multitrunk 0
      branchwithleaves 1
      endopts
      ImpostorDistance 15
      size 16
      Position 25 -.1 75
      Rotations 0 0 0
   Node
      Type proctree
      Materials materials/bark materials/leaves
      numlevels 2
      numslices 3
      numbranches0 12
      numbranches1 3
      numbranches2 3
      numbranches3 2
      numsegs 3
      numleaves 1
      maxangle 70
      minangle 2
      maxbranchangle 15
      initrad .8
      radreductionperc .2
      initheight 5
      heightreductionperc .8
      firstleaflevel 2
      leafsize 3
      trunkrad 1
      trunknumslices 10
      trunktaper .7
      trunknumsegs 2
      branchevery 999
      sidebranches 999
      maxsidebranchangle 10
      split 1
      continuebranch 0
      multitrunk 0
      branchwithleaves 1
      endopts
      ImpostorDistance 15
      size 16
      Position 35 -.1 65
      Rotations 0 0 0

Pseudo End of File, anything after this will not be read
   
Note that the rest of these entries are from way, way back and won't work with the current map format
   tree
   9 10 16
   5 3 50 25 10
   375 -15 585
   Rotations 0 0 0
   10
   
   tree
   9 10 11
   5 3 50 25 10
   475 -1 485
   Rotations 0 0 0
   12
   
   tree
   9 10 16
   5 3 50 25 10
   305 -1 505
   Rotations 0 0 0
   12
   
   tree
   9 10 11
   20 10 100 25 10
   375 -14 385
   0 20 0
   12
   
   tree
   9 10 11
   10 5 100 15 10
   375 -1 185
   Rotations 0 0 0
   10
   
   tree
   9 10 16
   10 5 100 25 10
   475 -1 285
   Rotations 0 0 0
   10
   
   tree
   9 10 11
   10 5 100 25 10
   345 -1 255
   Rotations 0 0 0
   12
   
   tree
   9 10 11
   10 5 100 25 10
   435 -1 485
   Rotations 0 0 0
   10
   
   tree
   9 10 14
   10 5 100 25 10
   375 -1 385
   Rotations 0 0 0
   10
   
   tree
   9 10 11
   10 5 100 25 10
   555 -1 425
   Rotations 0 0 0
   10
   
   tristrip
   2
   Rotations 0 0 0
   100 100 100
   100 150 100
   150 100 100
   150 150 100
   Rotations 0 0 0
   
   cylinder
   13
   10 5 400 25 10
   700 -1 300
   Rotations 0 0 0
