TileSize 30
HeightScale .8
ZeroHeight 20
NumTextures 18
NumObjects 26
Stretch 8

LightData
Direction -1 1 -1
Diffuse 1.5 1.5 1.5 1
Specular 1 1 1 1
Ambient .2 .2 .2 1

SkyBox materials/sky

TerrainParams
   Node
      Texture0
      File textures/grass/Grass.png
      HeightRange -10000 10000
      SlopeRange 0 0
      RandRange 0 10
   Node
      Texture1
      File textures/rock/Rock.png
      HeightRange -10000 -10000
      SlopeRange 0 .8
      RandRange 500 500
   Node
      Texture2
      File textures/ground/Dirt.png
      HeightRange -10000 5
      SlopeRange 0 0
      RandRange 500 500
      
GrassData
   Node
      File grass
      Model models/grass/base
      GroupSize 20
      Density 3

SpawnPoints
   Node
      Team 1
      Location 150 150 150
      Name Team1Spawn
   Node
      Team 2
      Location 650 250 1000
      Name Team2Spawn

Objects
   Node
      Type External
      BaseFile models/unittest/torso/base
      Position 400 200 400
      Rotations -45 25 0
      AnimSpeed 5
      Scale .01
EOF  Anything after this doesn't work correctly anyway`
   Node
      Type bush
      Materials materials/leaves1
      Size 10
      Position 555 -1 525
      Rotations 0 0 0
      NumLeaves 10
   Node
      Type bush
      Materials materials/leaves1
      Size 14
      Position 655 -1 205
      Rotations 0 0 0
      NumLeaves 8
   Node
      Type bush
      Materials materials/leaves1
      Size 14
      Position 500 500 500
      Rotations 0 0 0
      NumLeaves 8
   Node
      Type proctree
      Materials materials/bark materials/leaves
      seed 11
      numlevels 2
      numslices 3
      numbranches0 12
      numbranches1 3
      numbranches2 3
      numbranches3 2
      numsegs 6
      numleaves 1
      maxangle 70
      minangle 2
      maxbranchangle 15
      initrad 8
      radreductionperc .2
      initheight 50
      heightreductionperc .8
      firstleaflevel 2
      leafsize 30
      trunkrad 10
      trunknumslices 10
      trunktaper .8
      trunknumsegs 5
      branchevery 999
      sidebranches 999
      maxsidebranchangle 10
      split 1
      continuebranch 0
      multitrunk 0
      branchwithleaves 0
      curvecoeff .02
      endopts
      ImpostorDistance 150
      size 160
      Position 150 -1 250
      Rotations 0 0 0
   Node
      Type proctree
      Materials materials/bark materials/leaves
      seed 12
      numlevels 2
      numslices 2
      numbranches0 8
      numbranches1 3
      numbranches2 3
      numbranches3 2
      numsegs 3
      numleaves 1
      maxangle 70
      minangle 2
      maxbranchangle 15
      initrad 8
      radreductionperc .2
      initheight 20
      heightreductionperc .8
      firstleaflevel 2
      leafsize 20
      trunkrad 6
      trunknumslices 10
      trunktaper .7
      trunknumsegs 2
      branchevery 999
      sidebranches 999
      maxsidebranchangle 10
      split 1
      continuebranch 0
      multitrunk 0
      branchwithleaves 0
      endopts
      ImpostorDistance 150
      size 120
      Position 250 -1 250
      Rotations 0 0 0
   Node
      Type proctree
      Materials materials/bark materials/leaves
      seed 133
      numlevels 2
      numslices 3
      numbranches0 7
      numbranches1 5
      numbranches2 3
      numbranches3 2
      numsegs 6
      numleaves 1
      maxangle 70
      minangle 2
      maxbranchangle 25
      initrad 8
      radreductionperc .2
      initheight 40
      heightreductionperc .9
      firstleaflevel 20
      leafsize 30
      trunkrad 7
      trunknumslices 6
      trunktaper .5
      trunknumsegs 1
      branchevery 999
      sidebranches 999
      minsidebranchangle -10
      maxsidebranchangle 10
      split 1
      continuebranch 0
      multitrunk 0
      branchwithleaves 0
      curvecoeff .02
      endopts
      ImpostorDistance 150
      size 160
      Position 150 -1 350
      Rotations 0 0 0
   Node
      Type proctree
      Materials materials/bark materials/leaves
      seed 14
      numlevels 1
      numslices 3
      numsegs 5
      numleaves 1
      maxangle 70
      minangle 2
      maxbranchangle 8
      maxtrunkangle 1
      initrad 3
      radreductionperc .2
      initheight 100
      heightreductionperc .4
      firstleaflevel 20
      leafsize 10
      trunkrad 5
      trunknumslices 10
      trunktaper .8
      trunknumsegs 8
      branchevery 1
      sidebranches 10
      minsidebranchangle 20
      maxsidebranchangle 25
      split 0
      continuebranch 0
      multitrunk 0
      branchwithleaves 0
      sidetaper .8
      curvecoeff .02
      endopts
      ImpostorDistance 150
      size 160
      Position 150 -1 450
      Rotations 0 0 0
   Node
      Type proctree
      Materials materials/bark materials/leaves
      seed 15
      numlevels 2
      numslices 3
      numbranches0 7
      numbranches1 5
      numbranches2 3
      numbranches3 2
      numsegs 6
      numleaves 1
      maxangle 70
      minangle 2
      maxbranchangle 25
      initrad 8
      radreductionperc .2
      initheight 40
      heightreductionperc .9
      firstleaflevel 20
      leafsize 30
      trunkrad 7
      trunknumslices 6
      trunktaper .5
      trunknumsegs 1
      branchevery 999
      sidebranches 999
      maxsidebranchangle 10
      split 1
      continuebranch 0
      multitrunk 0
      branchwithleaves 0
      endopts
      ImpostorDistance 150
      size 160
      Position 250 -1 400
      Rotations 0 0 0
   Node
      Type proctree
      Materials materials/bark materials/leaves
      seed 16
      numlevels 2
      numslices 3
      numbranches0 7
      numbranches1 5
      numbranches2 3
      numbranches3 2
      numsegs 6
      numleaves 1
      maxangle 70
      minangle 2
      maxbranchangle 25
      initrad 8
      radreductionperc .2
      initheight 40
      heightreductionperc .9
      firstleaflevel 20
      leafsize 30
      trunkrad 7
      trunknumslices 6
      trunktaper .5
      trunknumsegs 1
      branchevery 999
      sidebranches 999
      maxsidebranchangle 10
      split 1
      continuebranch 0
      multitrunk 0
      branchwithleaves 0
      endopts
      ImpostorDistance 150
      size 160
      Position 300 -1 550
      Rotations 0 0 0
   Node
      Type proctree
      Materials materials/bark materials/leaves
      seed 17
      numlevels 2
      numslices 3
      numbranches0 12
      numbranches1 3
      numbranches2 3
      numbranches3 2
      numsegs 3
      numleaves 1
      maxangle 70
      minangle 2
      maxbranchangle 15
      initrad 8
      radreductionperc .2
      initheight 50
      heightreductionperc .8
      firstleaflevel 2
      leafsize 30
      trunkrad 10
      trunknumslices 10
      trunktaper .7
      trunknumsegs 2
      branchevery 999
      sidebranches 999
      maxsidebranchangle 10
      split 1
      continuebranch 0
      multitrunk 0
      branchwithleaves 0
      endopts
      ImpostorDistance 150
      size 160
      Position 250 -1 500
      Rotations 0 0 0
   Node
      Type proctree
      Materials materials/bark materials/leaves
      seed 18
      numlevels 2
      numslices 3
      numbranches0 12
      numbranches1 3
      numbranches2 3
      numbranches3 2
      numsegs 3
      numleaves 1
      maxangle 70
      minangle 2
      maxbranchangle 15
      initrad 8
      radreductionperc .2
      initheight 50
      heightreductionperc .8
      firstleaflevel 2
      leafsize 30
      trunkrad 10
      trunknumslices 10
      trunktaper .7
      trunknumsegs 2
      branchevery 999
      sidebranches 999
      maxsidebranchangle 10
      split 1
      continuebranch 0
      multitrunk 0
      branchwithleaves 0
      endopts
      ImpostorDistance 150
      size 160
      Position 150 -1 550
      Rotations 0 0 0
   Node
      Type proctree
      Materials materials/bark materials/leaves
      seed 19
      numlevels 2
      numslices 3
      numbranches0 12
      numbranches1 3
      numbranches2 3
      numbranches3 2
      numsegs 3
      numleaves 1
      maxangle 70
      minangle 2
      maxbranchangle 15
      initrad 8
      radreductionperc .2
      initheight 50
      heightreductionperc .8
      firstleaflevel 2
      leafsize 30
      trunkrad 10
      trunknumslices 10
      trunktaper .7
      trunknumsegs 2
      branchevery 999
      sidebranches 999
      maxsidebranchangle 10
      split 1
      continuebranch 0
      multitrunk 0
      branchwithleaves 0
      endopts
      ImpostorDistance 150
      size 160
      Position 250 -1 150
      Rotations 0 0 0
   Node
      Type proctree
      Materials materials/bark materials/leaves
      seed 20
      numlevels 2
      numslices 3
      numbranches0 12
      numbranches1 3
      numbranches2 3
      numbranches3 2
      numsegs 3
      numleaves 1
      maxangle 70
      minangle 2
      maxbranchangle 15
      initrad 8
      radreductionperc .2
      initheight 50
      heightreductionperc .8
      firstleaflevel 2
      leafsize 30
      trunkrad 10
      trunknumslices 10
      trunktaper .7
      trunknumsegs 2
      branchevery 999
      sidebranches 999
      maxsidebranchangle 10
      split 1
      continuebranch 0
      multitrunk 0
      branchwithleaves 0
      endopts
      ImpostorDistance 150
      size 160
      Position 200 -1 550
      Rotations 0 0 0
   Node
      Type proctree
      Materials materials/bark materials/leaves
      seed 21
      numlevels 2
      numslices 3
      numbranches0 12
      numbranches1 3
      numbranches2 3
      numbranches3 2
      numsegs 3
      numleaves 1
      maxangle 70
      minangle 2
      maxbranchangle 15
      initrad 8
      radreductionperc .2
      initheight 50
      heightreductionperc .8
      firstleaflevel 2
      leafsize 30
      trunkrad 10
      trunknumslices 10
      trunktaper .7
      trunknumsegs 2
      branchevery 999
      sidebranches 999
      maxsidebranchangle 10
      split 1
      continuebranch 0
      multitrunk 0
      branchwithleaves 0
      endopts
      ImpostorDistance 150
      size 160
      Position 300 -1 450
      Rotations 0 0 0
   Node
      Type proctree
      Materials materials/bark materials/leaves
      seed 22
      numlevels 2
      numslices 3
      numbranches0 12
      numbranches1 3
      numbranches2 3
      numbranches3 2
      numsegs 3
      numleaves 1
      maxangle 70
      minangle 2
      maxbranchangle 15
      initrad 8
      radreductionperc .2
      initheight 50
      heightreductionperc .8
      firstleaflevel 2
      leafsize 30
      trunkrad 10
      trunknumslices 10
      trunktaper .7
      trunknumsegs 2
      branchevery 999
      sidebranches 999
      maxsidebranchangle 10
      split 1
      continuebranch 0
      multitrunk 0
      branchwithleaves 0
      endopts
      ImpostorDistance 150
      size 160
      Position 450 -1 650
      Rotations 0 0 0
   Node
      Type proctree
      Materials materials/bark materials/leaves
      seed 23
      numlevels 2
      numslices 3
      numbranches0 12
      numbranches1 3
      numbranches2 3
      numbranches3 2
      numsegs 3
      numleaves 1
      maxangle 70
      minangle 2
      maxbranchangle 15
      initrad 8
      radreductionperc .2
      initheight 50
      heightreductionperc .8
      firstleaflevel 2
      leafsize 30
      trunkrad 10
      trunknumslices 10
      trunktaper .7
      trunknumsegs 2
      branchevery 999
      sidebranches 999
      maxsidebranchangle 10
      split 1
      continuebranch 0
      multitrunk 0
      branchwithleaves 0
      endopts
      ImpostorDistance 150
      size 160
      Position 550 -1 650
      Rotations 0 0 0
   Node
      Type proctree
      Materials materials/bark materials/leaves
      seed 24
      numlevels 2
      numslices 3
      numbranches0 12
      numbranches1 3
      numbranches2 3
      numbranches3 2
      numsegs 3
      numleaves 1
      maxangle 70
      minangle 2
      maxbranchangle 15
      initrad 8
      radreductionperc .2
      initheight 50
      heightreductionperc .8
      firstleaflevel 2
      leafsize 30
      trunkrad 10
      trunknumslices 10
      trunktaper .7
      trunknumsegs 2
      branchevery 999
      sidebranches 999
      maxsidebranchangle 10
      split 1
      continuebranch 0
      multitrunk 0
      branchwithleaves 0
      endopts
      ImpostorDistance 150
      size 160
      Position 550 -1 550
      Rotations 0 0 0
   Node
      Type proctree
      Materials materials/bark materials/leaves
      seed 25
      numlevels 2
      numslices 3
      numbranches0 12
      numbranches1 3
      numbranches2 3
      numbranches3 2
      numsegs 3
      numleaves 1
      maxangle 70
      minangle 2
      maxbranchangle 15
      initrad 8
      radreductionperc .2
      initheight 50
      heightreductionperc .8
      firstleaflevel 2
      leafsize 30
      trunkrad 10
      trunknumslices 10
      trunktaper .7
      trunknumsegs 2
      branchevery 999
      sidebranches 999
      maxsidebranchangle 10
      split 1
      continuebranch 0
      multitrunk 0
      branchwithleaves 0
      endopts
      ImpostorDistance 150
      size 160
      Position 500 -1 150
      Rotations 0 0 0
   Node
      Type proctree
      Materials materials/bark materials/leaves
      seed 26
      numlevels 2
      numslices 3
      numbranches0 12
      numbranches1 3
      numbranches2 3
      numbranches3 2
      numsegs 3
      numleaves 1
      maxangle 70
      minangle 2
      maxbranchangle 15
      initrad 8
      radreductionperc .2
      initheight 50
      heightreductionperc .8
      firstleaflevel 2
      leafsize 30
      trunkrad 10
      trunknumslices 10
      trunktaper .7
      trunknumsegs 2
      branchevery 999
      sidebranches 999
      maxsidebranchangle 10
      split 1
      continuebranch 0
      multitrunk 0
      branchwithleaves 0
      endopts
      ImpostorDistance 150
      size 160
      Position 650 -1 350
      Rotations 0 0 0
   Node
      Type proctree
      Materials materials/bark materials/leaves
      seed 27
      numlevels 2
      numslices 3
      numbranches0 12
      numbranches1 3
      numbranches2 3
      numbranches3 2
      numsegs 3
      numleaves 1
      maxangle 70
      minangle 2
      maxbranchangle 15
      initrad 8
      radreductionperc .2
      initheight 50
      heightreductionperc .8
      firstleaflevel 2
      leafsize 30
      trunkrad 10
      trunknumslices 10
      trunktaper .7
      trunknumsegs 2
      branchevery 999
      sidebranches 999
      maxsidebranchangle 10
      split 1
      continuebranch 0
      multitrunk 0
      branchwithleaves 0
      endopts
      ImpostorDistance 150
      size 160
      Position 450 -1 450
      Rotations 0 0 0
   Node
      Type proctree
      Materials materials/bark materials/leaves
      seed 28
      numlevels 2
      numslices 3
      numbranches0 12
      numbranches1 3
      numbranches2 3
      numbranches3 2
      numsegs 3
      numleaves 1
      maxangle 70
      minangle 2
      maxbranchangle 15
      initrad 8
      radreductionperc .2
      initheight 50
      heightreductionperc .8
      firstleaflevel 2
      leafsize 30
      trunkrad 10
      trunknumslices 10
      trunktaper .7
      trunknumsegs 2
      branchevery 999
      sidebranches 999
      maxsidebranchangle 10
      split 1
      continuebranch 0
      multitrunk 0
      branchwithleaves 0
      endopts
      ImpostorDistance 150
      size 160
      Position 550 -1 350
      Rotations 0 0 0
   Node
      Type proctree
      Materials materials/bark materials/leaves
      seed 29
      numlevels 2
      numslices 3
      numbranches0 12
      numbranches1 3
      numbranches2 3
      numbranches3 2
      numsegs 3
      numleaves 1
      maxangle 70
      minangle 2
      maxbranchangle 15
      initrad 8
      radreductionperc .2
      initheight 50
      heightreductionperc .8
      firstleaflevel 2
      leafsize 30
      trunkrad 10
      trunknumslices 10
      trunktaper .7
      trunknumsegs 2
      branchevery 999
      sidebranches 999
      maxsidebranchangle 10
      split 1
      continuebranch 0
      multitrunk 0
      branchwithleaves 0
      endopts
      ImpostorDistance 150
      size 160
      Position 450 -1 300
      Rotations 0 0 0
   Node
      Type proctree
      Materials materials/bark materials/leaves
      seed 30
      numlevels 2
      numslices 3
      numbranches0 12
      numbranches1 3
      numbranches2 3
      numbranches3 2
      numsegs 3
      numleaves 1
      maxangle 70
      minangle 2
      maxbranchangle 15
      initrad 8
      radreductionperc .2
      initheight 50
      heightreductionperc .8
      firstleaflevel 2
      leafsize 30
      trunkrad 10
      trunknumslices 10
      trunktaper .7
      trunknumsegs 2
      branchevery 999
      sidebranches 999
      maxsidebranchangle 10
      split 1
      continuebranch 0
      multitrunk 0
      branchwithleaves 0
      endopts
      ImpostorDistance 150
      size 160
      Position 350 -1 350
      Rotations 0 0 0
   Node
      Type proctree
      Materials materials/bark materials/leaves
      seed 31
      numlevels 2
      numslices 3
      numbranches0 12
      numbranches1 3
      numbranches2 3
      numbranches3 2
      numsegs 3
      numleaves 1
      maxangle 70
      minangle 2
      maxbranchangle 15
      initrad 8
      radreductionperc .2
      initheight 50
      heightreductionperc .8
      firstleaflevel 2
      leafsize 30
      trunkrad 10
      trunknumslices 10
      trunktaper .7
      trunknumsegs 2
      branchevery 999
      sidebranches 999
      maxsidebranchangle 10
      split 1
      continuebranch 0
      multitrunk 0
      branchwithleaves 0
      endopts
      ImpostorDistance 150
      size 160
      Position 250 -1 750
      Rotations 0 0 0
   Node
      Type proctree
      Materials materials/bark materials/leaves
      seed 32
      numlevels 2
      numslices 3
      numbranches0 12
      numbranches1 3
      numbranches2 3
      numbranches3 2
      numsegs 3
      numleaves 1
      maxangle 70
      minangle 2
      maxbranchangle 15
      initrad 8
      radreductionperc .2
      initheight 50
      heightreductionperc .8
      firstleaflevel 2
      leafsize 30
      trunkrad 10
      trunknumslices 10
      trunktaper .7
      trunknumsegs 2
      branchevery 999
      sidebranches 999
      maxsidebranchangle 10
      split 1
      continuebranch 0
      multitrunk 0
      branchwithleaves 0
      endopts
      ImpostorDistance 150
      size 160
      Position 350 -1 650
      Rotations 0 0 0

Pseudo End of File, anything after this will not be read
   
Note that the rest of these entries are from way, way back and won't work with the current map format
   tree
   9 10 16
   5 3 50 25 10
   375 -15 585
   Rotations 0 0 0
   10
   
   tree
   9 10 11
   5 3 50 25 10
   475 -1 485
   Rotations 0 0 0
   12
   
   tree
   9 10 16
   5 3 50 25 10
   305 -1 505
   Rotations 0 0 0
   12
   
   tree
   9 10 11
   20 10 100 25 10
   375 -14 385
   0 20 0
   12
   
   tree
   9 10 11
   10 5 100 15 10
   375 -1 185
   Rotations 0 0 0
   10
   
   tree
   9 10 16
   10 5 100 25 10
   475 -1 285
   Rotations 0 0 0
   10
   
   tree
   9 10 11
   10 5 100 25 10
   345 -1 255
   Rotations 0 0 0
   12
   
   tree
   9 10 11
   10 5 100 25 10
   435 -1 485
   Rotations 0 0 0
   10
   
   tree
   9 10 14
   10 5 100 25 10
   375 -1 385
   Rotations 0 0 0
   10
   
   tree
   9 10 11
   10 5 100 25 10
   555 -1 425
   Rotations 0 0 0
   10
   
   tristrip
   2
   Rotations 0 0 0
   100 100 100
   100 150 100
   150 100 100
   150 150 100
   Rotations 0 0 0
   
   cylinder
   13
   10 5 400 25 10
   700 -1 300
   Rotations 0 0 0
