TileSize 30
HeightScale 2.2
ZeroHeight -1
Stretch 8

LightData
Direction 1 1 -1
Diffuse .8 .8 .8 1
Specular 1 1 1 1
Ambient .2 .2 .2 1

SkyBox materials/sky

TerrainMaterial materials/terrain/snowy
Node
   TerrainParams
   Node
      Texture0
      HeightRange -10000 10000
      SlopeRange 0 0
      RandRange 0 10
   Node
      Texture1
      HeightRange -10000 -10000
      SlopeRange .7 .9
      RandRange 0 50
   Node
      Texture2
      HeightRange -10000 -10000
      SlopeRange 0 .70
      RandRange 500 500
   Node
      Texture3
      HeightRange -10000 -10000
      SlopeRange 0 0
      RandRange 500 500
   Node
      Texture4
      HeightRange -10000 -10000
      SlopeRange 0 0
      RandRange 0 10
   Node
      Texture5
      HeightRange -10000 -10000
      SlopeRange 0 0
      RandRange 0 10
      
Node
   GrassData
   Node
      File grass
      Model models/grass/base
      GroupSize 10
      Density 5

Node
   SpawnPoints
   Node
      Team 1
      Location 521 139 536
      Name Base1
   Node
      Team 1
      Location 3279 143 523
      Name Base1
   Node
      Team 2
      Location 554 145 3261
      Name Base2
   Node
      Team 2
      Location 3301 129 3235
      Name Base2

Node
   Objects
   Node
      Type External
      Name TestObject
      BaseFile models/teapot/base
      Position 1867 638 1937
      Rotations 0 0 0
      AnimSpeed 1
      Scale 0.1
   Node
      Type proctree
      Position 1436.01 -2.99699 702.259
      Rotations 0 0 0
      Name TestTree
      Materials materials/bark materials/leaves
      seed 124
      ImpostorDistance 0
      trunkrad 5
      trunknumsegs 8
      trunknumslices 10
      trunktaper 0.9
      maxbranchangle 15
      initheight 40
      heightreductionperc 0.7
      initrad 5
      radreductionperc 0.2
      numlevels 2
      numslices 3
      numsegs 6
      numbranches0 12
      numbranches1 3
      numbranches2 3
      curvecoeff 0
      maxangle 70
      minangle 20
      numleaves 1
      leafsize 20
      leafsegs 2
      leafcurve 3
      firstleaflevel 2
