TileSize 60
HeightScale 5
ZeroHeight -10
Stretch 8

LightData
Direction 1 1 -1
Diffuse .8 .8 .8 1
Specular 1 1 1 1
Ambient .2 .2 .2 1

SkyBox materials/sky

TerrainMaterial materials/terrain/snowy
Node
   TerrainParams
   Node
      Texture0
      HeightRange -10000 10000
      SlopeRange 0 0
      RandRange 0 10
   Node
      Texture1
      HeightRange -10000 -10000
      SlopeRange .7 .9
      RandRange 0 50
   Node
      Texture2
      HeightRange -10000 -10000
      SlopeRange 0 .70
      RandRange 500 500
   Node
      Texture3
      HeightRange -10000 -10000
      SlopeRange 0 0
      RandRange 500 500
   Node
      Texture4
      HeightRange -10000 -10000
      SlopeRange 0 0
      RandRange 0 10
   Node
      Texture5
      HeightRange -10000 -10000
      SlopeRange 0 0
      RandRange 0 10
      
Node
   GrassData
   Node
      File grass
      Model models/grass/base
      GroupSize 10
      Density 5

Node
   SpawnPoints
   Node
      Team 1
      Location 893.498 150 890.227
      Name Base1
   Node
      Team 1
      Location 6706.3 143 897.741
      Name Base1
   Node
      Team 2
      Location 943.999 145 6739.54
      Name Base2
   Node
      Team 2
      Location 6691.3 129 6602.89
      Name Base2

Node
   Objects
   Node
      Type proctree
      Position 2113.06 146.757 2678.24
      Rotations 0 0 0
      Name TestTree2
      Materials materials/bark materials/leaves
      seed 154
      ImpostorDistance 0
      trunkrad 6
      trunknumsegs 8
      trunknumslices 10
      trunktaper 0.9
      maxtrunkangle 10
      maxbranchangle 25
      initheight 50
      heightreductionperc 0.7
      initrad 5
      radreductionperc 0.2
      numlevels 2
      numslices 3
      numsegs 6
      numbranches0 12
      numbranches1 2
      numbranches2 3
      curvecoeff 0
      maxangle 70
      minangle 20
      sidebranches 0
      minsidebranchangle -10
      maxsidebranchangle 10
      branchafter 1
      sidetaper 0.7
      sidesizeperc 0.75
      numleaves 1
      leafsize 25
      leafsegs 2
      leafcurve 3
      firstleaflevel 9
   Node
      Type proctree
      Position 386.461 21.003 1040.5
      Rotations 717 -438 0
      Name TestTree
      Materials materials/bark materials/leaves
      seed 128
      ImpostorDistance 0
      trunkrad 5
      trunknumsegs 8
      trunknumslices 10
      trunktaper 0.9
      maxtrunkangle 5
      maxbranchangle 15
      initheight 40
      heightreductionperc 0.7
      initrad 5
      radreductionperc 0.2
      numlevels 2
      numslices 3
      numsegs 6
      numbranches0 12
      numbranches1 2
      numbranches2 3
      curvecoeff 0
      maxangle 70
      minangle 20
      sidebranches 0
      minsidebranchangle -10
      maxsidebranchangle 10
      branchafter 1
      sidetaper 0.7
      sidesizeperc 0.75
      numleaves 1
      leafsize 20
      leafsegs 2
      leafcurve 3
      firstleaflevel 9
   Node
      Type proctree
      Position 923.034 378.015 2808.54
      Rotations 0 0 0
      Name SideTest
      Materials materials/bark materials/leaves
      seed 311
      ImpostorDistance 0
      trunkrad 5
      trunknumsegs 8
      trunknumslices 10
      trunktaper 0.8
      maxtrunkangle 15
      maxbranchangle 15
      initheight 100
      heightreductionperc 0.5
      initrad 5
      radreductionperc 0.2
      numlevels 1
      numslices 3
      numsegs 8
      numbranches0 0
      numbranches1 0
      numbranches2 3
      curvecoeff 0.01
      maxangle 70
      minangle 20
      sidebranches 3
      minsidebranchangle -50
      maxsidebranchangle -20
      branchafter 3
      sidetaper 0.9
      sidesizeperc 0.65
      numleaves 1
      leafsize 20
      leafsegs 2
      leafcurve 3
      firstleaflevel 2
   Node
      Type proctree
      Position 916.191 302.166 2518.06
      Rotations 9 158 0
      Name SideTest
      Materials materials/bark materials/leaves
      seed 318
      ImpostorDistance 0
      trunkrad 5
      trunknumsegs 8
      trunknumslices 10
      trunktaper 0.75
      maxtrunkangle 15
      maxbranchangle 15
      initheight 120
      heightreductionperc 0.5
      initrad 5
      radreductionperc 0.2
      numlevels 1
      numslices 3
      numsegs 8
      numbranches0 0
      numbranches1 0
      numbranches2 3
      curvecoeff 0.01
      maxangle 70
      minangle 20
      sidebranches 3
      minsidebranchangle -50
      maxsidebranchangle -20
      branchafter 3
      sidetaper 0.9
      sidesizeperc 0.75
      numleaves 1
      leafsize 20
      leafsegs 2
      leafcurve 3
      firstleaflevel 2
   Node
      Type proctree
      Position 844.618 340.788 2655.79
      Rotations 20 -186 0
      Name SideTest
      Materials materials/bark materials/leaves
      seed 315
      ImpostorDistance 0
      trunkrad 5
      trunknumsegs 8
      trunknumslices 10
      trunktaper 0.8
      maxtrunkangle 15
      maxbranchangle 15
      initheight 100
      heightreductionperc 0.5
      initrad 5
      radreductionperc 0.2
      numlevels 1
      numslices 3
      numsegs 8
      numbranches0 0
      numbranches1 0
      numbranches2 3
      curvecoeff 0.01
      maxangle 70
      minangle 20
      sidebranches 3
      minsidebranchangle -50
      maxsidebranchangle -20
      branchafter 3
      sidetaper 0.9
      sidesizeperc 0.6
      numleaves 1
      leafsize 20
      leafsegs 2
      leafcurve 3
      firstleaflevel 2
   Node
      Type proctree
      Position 2222.87 123.333 2484.53
      Rotations 8 -683 0
      Name SideTest
      Materials materials/bark materials/leaves
      seed 321
      ImpostorDistance 0
      trunkrad 5
      trunknumsegs 8
      trunknumslices 10
      trunktaper 0.8
      maxtrunkangle 15
      maxbranchangle 15
      initheight 100
      heightreductionperc 0.5
      initrad 5
      radreductionperc 0.2
      numlevels 1
      numslices 3
      numsegs 8
      numbranches0 0
      numbranches1 0
      numbranches2 3
      curvecoeff 0.01
      maxangle 70
      minangle 20
      sidebranches 3
      minsidebranchangle -50
      maxsidebranchangle -20
      branchafter 3
      sidetaper 0.9
      sidesizeperc 0.6
      numleaves 1
      leafsize 20
      leafsegs 2
      leafcurve 3
      firstleaflevel 2
   Node
      Type proctree
      Position 835.271 372.238 2801.12
      Rotations -5 189 0
      Name SideTest
      Materials materials/bark materials/leaves
      seed 314
      ImpostorDistance 0
      trunkrad 5
      trunknumsegs 8
      trunknumslices 10
      trunktaper 0.8
      maxtrunkangle 15
      maxbranchangle 15
      initheight 80
      heightreductionperc 0.5
      initrad 5
      radreductionperc 0.2
      numlevels 1
      numslices 3
      numsegs 8
      numbranches0 0
      numbranches1 0
      numbranches2 3
      curvecoeff 0.01
      maxangle 70
      minangle 20
      sidebranches 3
      minsidebranchangle -50
      maxsidebranchangle -20
      branchafter 3
      sidetaper 0.9
      sidesizeperc 0.6
      numleaves 1
      leafsize 20
      leafsegs 2
      leafcurve 3
      firstleaflevel 2
   Node
      Type proctree
      Position 2190.91 130.03 2581.85
      Rotations -336 285 0
      Name SideTest
      Materials materials/bark materials/leaves
      seed 315
      ImpostorDistance 0
      trunkrad 7
      trunknumsegs 8
      trunknumslices 10
      trunktaper 0.8
      maxtrunkangle 15
      maxbranchangle 15
      initheight 130
      heightreductionperc 0.5
      initrad 5
      radreductionperc 0.2
      numlevels 1
      numslices 3
      numsegs 8
      numbranches0 0
      numbranches1 0
      numbranches2 3
      curvecoeff 0.01
      maxangle 70
      minangle 20
      sidebranches 3
      minsidebranchangle -50
      maxsidebranchangle -20
      branchafter 3
      sidetaper 0.9
      sidesizeperc 0.6
      numleaves 1
      leafsize 20
      leafsegs 2
      leafcurve 3
      firstleaflevel 2
   Node
      Type proctree
      Position 437.36 211.255 1461.32
      Rotations -10 824 0
      Name SideTest
      Materials materials/bark materials/leaves
      seed 331
      ImpostorDistance 0
      trunkrad 5
      trunknumsegs 8
      trunknumslices 10
      trunktaper 0.8
      maxtrunkangle 15
      maxbranchangle 15
      initheight 80
      heightreductionperc 0.5
      initrad 5
      radreductionperc 0.2
      numlevels 1
      numslices 3
      numsegs 8
      numbranches0 0
      numbranches1 0
      numbranches2 3
      curvecoeff 0.01
      maxangle 70
      minangle 20
      sidebranches 3
      minsidebranchangle -50
      maxsidebranchangle -20
      branchafter 3
      sidetaper 0.9
      sidesizeperc 0.6
      numleaves 1
      leafsize 20
      leafsegs 2
      leafcurve 3
      firstleaflevel 2
   Node
      Type proctree
      Position 1013.13 311.48 2573.43
      Rotations 0 0 0
      Name SideTest
      Materials materials/bark materials/leaves
      seed 300
      ImpostorDistance 0
      trunkrad 5
      trunknumsegs 8
      trunknumslices 10
      trunktaper 0.8
      maxtrunkangle 15
      maxbranchangle 15
      initheight 100
      heightreductionperc 0.5
      initrad 5
      radreductionperc 0.2
      numlevels 1
      numslices 3
      numsegs 8
      numbranches0 0
      numbranches1 0
      numbranches2 3
      curvecoeff 0.01
      maxangle 70
      minangle 20
      sidebranches 3
      minsidebranchangle -50
      maxsidebranchangle -20
      branchafter 3
      sidetaper 0.9
      sidesizeperc 0.65
      numleaves 1
      leafsize 20
      leafsegs 2
      leafcurve 3
      firstleaflevel 2
