TileSize 60
HeightScale 3.8
ZeroHeight 30
Stretch 8

LightData
Direction -1 1 -1
Diffuse 1 1 1 1
Specular 1 1 1 1
Ambient .2 .2 .2 1

SkyBox materials/sky

TerrainMaterial materials/terrain/riverside
Node
   TerrainParams
   Node
      Texture0
      HeightRange 5 10000
      SlopeRange 0 0
      RandRange 0 10
   Node
      Texture1
      HeightRange -10000 -10000
      SlopeRange .75 .94
      RandRange 20 100
      Blend .1
   Node
      Texture2
      HeightRange -10000 -10000
      SlopeRange 0 .82
      RandRange 500 500
      Blend .05
   Node
      Texture3
      HeightRange -10000 15
      SlopeRange 0 0
      RandRange 50 50
      Blend 10
   Node
      Texture4
      HeightRange -10000 -10000
      SlopeRange 0 0
      RandRange 0 10
   Node
      Texture5
      HeightRange -10000 -10000
      SlopeRange 0 0
      RandRange 0 10
      
Node
   GrassData
   Node
      File grass
      Model models/bush/base
      GroupSize 10
      Density 4
      MinTilt 5
      MaxTilt 25
      Scale 3

Node
   SpawnPoints
   Node
      Team 1
      Location 2100 350 1700
      Name Base1
   Node
      Team 2
      Location 6050 400 6150
      Name Base2

Node
   Objects
   Node
      Type proctree
      Position 2335.86 218.842 3507.2
      Rotations -9 15 0
      Name Unnamed
      Materials materials/bark materials/leaves
      seed 457
      ImpostorDistance 100
      trunkrad 5
      trunknumsegs 8
      trunknumslices 10
      trunktaper 0.9
      maxtrunkangle 15
      maxbranchangle 25
      initheight 150
      heightreductionperc 0.5
      initrad 5
      radreductionperc 0.2
      numlevels 2
      numslices 3
      numsegs 5
      numbranches0 0
      numbranches1 1
      numbranches2 3
      curvecoeff 0.01
      maxangle 70
      minangle 20
      sidebranches 4
      minsidebranchangle -50
      maxsidebranchangle -40
      branchafter 2
      sidetaper 0.8
      sidesizeperc 0.75
      numleaves 1
      leafsize 30
      leafsegs 2
      leafcurve 5
      firstleaflevel 2
   Node
      Type External
      Name 
      BaseFile 
      Position 297.656 0 892.969
      Rotations 0 0 0
      AnimSpeed 1
      Scale 0.01
   Node
      Type External
      Name 
      BaseFile 
      Position 297.656 0 1488.28
      Rotations 0 0 0
      AnimSpeed 1
      Scale 0.01
   Node
      Type External
      Name 
      BaseFile 
      Position 297.656 0 2083.59
      Rotations 0 0 0
      AnimSpeed 1
      Scale 0.01
   Node
      Type External
      Name 
      BaseFile 
      Position 297.656 0 5060.16
      Rotations 0 0 0
      AnimSpeed 1
      Scale 0.01
   Node
      Type External
      Name 
      BaseFile 
      Position 297.656 0 5655.47
      Rotations 0 0 0
      AnimSpeed 1
      Scale 0.01
   Node
      Type External
      Name 
      BaseFile 
      Position 297.656 0 6250.78
      Rotations 0 0 0
      AnimSpeed 1
      Scale 0.01
   Node
      Type External
      Name 
      BaseFile 
      Position 892.969 0 892.969
      Rotations 0 0 0
      AnimSpeed 1
      Scale 0.01
   Node
      Type External
      Name 
      BaseFile 
      Position 892.969 0 1488.28
      Rotations 0 0 0
      AnimSpeed 1
      Scale 0.01
   Node
      Type External
      Name 
      BaseFile 
      Position 892.969 0 2083.59
      Rotations 0 0 0
      AnimSpeed 1
      Scale 0.01
   Node
      Type External
      Name 
      BaseFile 
      Position 892.969 0 2678.91
      Rotations 0 0 0
      AnimSpeed 1
      Scale 0.01
   Node
      Type External
      Name 
      BaseFile 
      Position 892.969 0 5060.16
      Rotations 0 0 0
      AnimSpeed 1
      Scale 0.01
   Node
      Type External
      Name 
      BaseFile 
      Position 892.969 0 5655.47
      Rotations 0 0 0
      AnimSpeed 1
      Scale 0.01
   Node
      Type External
      Name 
      BaseFile 
      Position 892.969 0 6250.78
      Rotations 0 0 0
      AnimSpeed 1
      Scale 0.01
   Node
      Type External
      Name 
      BaseFile 
      Position 892.969 0 6846.09
      Rotations 0 0 0
      AnimSpeed 1
      Scale 0.01
   Node
      Type External
      Name 
      BaseFile 
      Position 1488.28 0 1488.28
      Rotations 0 0 0
      AnimSpeed 1
      Scale 0.01
   Node
      Type External
      Name 
      BaseFile 
      Position 1488.28 0 2083.59
      Rotations 0 0 0
      AnimSpeed 1
      Scale 0.01
   Node
      Type External
      Name 
      BaseFile 
      Position 1488.28 0 2678.91
      Rotations 0 0 0
      AnimSpeed 1
      Scale 0.01
   Node
      Type External
      Name 
      BaseFile 
      Position 1488.28 0 3274.22
      Rotations 0 0 0
      AnimSpeed 1
      Scale 0.01
   Node
      Type External
      Name 
      BaseFile 
      Position 1488.28 0 5655.47
      Rotations 0 0 0
      AnimSpeed 1
      Scale 0.01
   Node
      Type External
      Name 
      BaseFile 
      Position 1488.28 0 6250.78
      Rotations 0 0 0
      AnimSpeed 1
      Scale 0.01
   Node
      Type External
      Name 
      BaseFile 
      Position 1488.28 0 6846.09
      Rotations 0 0 0
      AnimSpeed 1
      Scale 0.01
   Node
      Type External
      Name 
      BaseFile 
      Position 2083.59 0 1488.28
      Rotations 0 0 0
      AnimSpeed 1
      Scale 0.01
   Node
      Type External
      Name 
      BaseFile 
      Position 2083.59 0 2083.59
      Rotations 0 0 0
      AnimSpeed 1
      Scale 0.01
   Node
      Type External
      Name 
      BaseFile 
      Position 2083.59 0 2678.91
      Rotations 0 0 0
      AnimSpeed 1
      Scale 0.01
   Node
      Type External
      Name 
      BaseFile 
      Position 2083.59 0 3274.22
      Rotations 0 0 0
      AnimSpeed 1
      Scale 0.01
   Node
      Type External
      Name 
      BaseFile 
      Position 2083.59 0 3869.53
      Rotations 0 0 0
      AnimSpeed 1
      Scale 0.01
   Node
      Type External
      Name 
      BaseFile 
      Position 2083.59 0 4464.84
      Rotations 0 0 0
      AnimSpeed 1
      Scale 0.01
   Node
      Type External
      Name 
      BaseFile 
      Position 2083.59 0 6250.78
      Rotations 0 0 0
      AnimSpeed 1
      Scale 0.01
   Node
      Type External
      Name 
      BaseFile 
      Position 2083.59 0 6846.09
      Rotations 0 0 0
      AnimSpeed 1
      Scale 0.01
   Node
      Type External
      Name 
      BaseFile 
      Position 2678.91 0 2678.91
      Rotations 0 0 0
      AnimSpeed 1
      Scale 0.01
   Node
      Type External
      Name 
      BaseFile 
      Position 2678.91 0 3274.22
      Rotations 0 0 0
      AnimSpeed 1
      Scale 0.01
   Node
      Type External
      Name 
      BaseFile 
      Position 2678.91 0 3869.53
      Rotations 0 0 0
      AnimSpeed 1
      Scale 0.01
   Node
      Type External
      Name 
      BaseFile 
      Position 2678.91 0 4464.84
      Rotations 0 0 0
      AnimSpeed 1
      Scale 0.01
   Node
      Type External
      Name 
      BaseFile 
      Position 2678.91 0 6250.78
      Rotations 0 0 0
      AnimSpeed 1
      Scale 0.01
   Node
      Type External
      Name 
      BaseFile 
      Position 2678.91 0 6846.09
      Rotations 0 0 0
      AnimSpeed 1
      Scale 0.01
   Node
      Type External
      Name 
      BaseFile 
      Position 3274.22 0 2678.91
      Rotations 0 0 0
      AnimSpeed 1
      Scale 0.01
   Node
      Type External
      Name 
      BaseFile 
      Position 3274.22 0 3274.22
      Rotations 0 0 0
      AnimSpeed 1
      Scale 0.01
   Node
      Type External
      Name 
      BaseFile 
      Position 3274.22 0 3869.53
      Rotations 0 0 0
      AnimSpeed 1
      Scale 0.01
   Node
      Type External
      Name 
      BaseFile 
      Position 3274.22 0 4464.84
      Rotations 0 0 0
      AnimSpeed 1
      Scale 0.01
   Node
      Type External
      Name 
      BaseFile 
      Position 3274.22 0 5655.47
      Rotations 0 0 0
      AnimSpeed 1
      Scale 0.01
   Node
      Type External
      Name 
      BaseFile 
      Position 3274.22 0 6250.78
      Rotations 0 0 0
      AnimSpeed 1
      Scale 0.01
   Node
      Type External
      Name 
      BaseFile 
      Position 3274.22 0 6846.09
      Rotations 0 0 0
      AnimSpeed 1
      Scale 0.01
   Node
      Type External
      Name 
      BaseFile 
      Position 3869.53 0 892.969
      Rotations 0 0 0
      AnimSpeed 1
      Scale 0.01
   Node
      Type External
      Name 
      BaseFile 
      Position 3869.53 0 1488.28
      Rotations 0 0 0
      AnimSpeed 1
      Scale 0.01
   Node
      Type External
      Name 
      BaseFile 
      Position 3869.53 0 2083.59
      Rotations 0 0 0
      AnimSpeed 1
      Scale 0.01
   Node
      Type External
      Name 
      BaseFile 
      Position 3869.53 0 2678.91
      Rotations 0 0 0
      AnimSpeed 1
      Scale 0.01
   Node
      Type External
      Name 
      BaseFile 
      Position 3869.53 0 3274.22
      Rotations 0 0 0
      AnimSpeed 1
      Scale 0.01
   Node
      Type External
      Name 
      BaseFile 
      Position 3869.53 0 5060.16
      Rotations 0 0 0
      AnimSpeed 1
      Scale 0.01
   Node
      Type External
      Name 
      BaseFile 
      Position 3869.53 0 5655.47
      Rotations 0 0 0
      AnimSpeed 1
      Scale 0.01
   Node
      Type External
      Name 
      BaseFile 
      Position 3869.53 0 6250.78
      Rotations 0 0 0
      AnimSpeed 1
      Scale 0.01
   Node
      Type External
      Name 
      BaseFile 
      Position 3869.53 0 6846.09
      Rotations 0 0 0
      AnimSpeed 1
      Scale 0.01
   Node
      Type External
      Name 
      BaseFile 
      Position 4464.84 0 892.969
      Rotations 0 0 0
      AnimSpeed 1
      Scale 0.01
   Node
      Type External
      Name 
      BaseFile 
      Position 4464.84 0 1488.28
      Rotations 0 0 0
      AnimSpeed 1
      Scale 0.01
   Node
      Type External
      Name 
      BaseFile 
      Position 4464.84 0 2083.59
      Rotations 0 0 0
      AnimSpeed 1
      Scale 0.01
   Node
      Type External
      Name 
      BaseFile 
      Position 4464.84 0 2678.91
      Rotations 0 0 0
      AnimSpeed 1
      Scale 0.01
   Node
      Type External
      Name 
      BaseFile 
      Position 4464.84 0 3869.53
      Rotations 0 0 0
      AnimSpeed 1
      Scale 0.01
   Node
      Type External
      Name 
      BaseFile 
      Position 4464.84 0 4464.84
      Rotations 0 0 0
      AnimSpeed 1
      Scale 0.01
   Node
      Type External
      Name 
      BaseFile 
      Position 4464.84 0 5060.16
      Rotations 0 0 0
      AnimSpeed 1
      Scale 0.01
   Node
      Type External
      Name 
      BaseFile 
      Position 4464.84 0 5655.47
      Rotations 0 0 0
      AnimSpeed 1
      Scale 0.01
   Node
      Type External
      Name 
      BaseFile 
      Position 5060.16 0 892.969
      Rotations 0 0 0
      AnimSpeed 1
      Scale 0.01
   Node
      Type External
      Name 
      BaseFile 
      Position 5060.16 0 1488.28
      Rotations 0 0 0
      AnimSpeed 1
      Scale 0.01
   Node
      Type External
      Name 
      BaseFile 
      Position 5060.16 0 2083.59
      Rotations 0 0 0
      AnimSpeed 1
      Scale 0.01
   Node
      Type External
      Name 
      BaseFile 
      Position 5060.16 0 3274.22
      Rotations 0 0 0
      AnimSpeed 1
      Scale 0.01
   Node
      Type External
      Name 
      BaseFile 
      Position 5060.16 0 3869.53
      Rotations 0 0 0
      AnimSpeed 1
      Scale 0.01
   Node
      Type External
      Name 
      BaseFile 
      Position 5060.16 0 4464.84
      Rotations 0 0 0
      AnimSpeed 1
      Scale 0.01
   Node
      Type External
      Name 
      BaseFile 
      Position 5060.16 0 5060.16
      Rotations 0 0 0
      AnimSpeed 1
      Scale 0.01
   Node
      Type External
      Name 
      BaseFile 
      Position 5655.47 0 892.969
      Rotations 0 0 0
      AnimSpeed 1
      Scale 0.01
   Node
      Type External
      Name 
      BaseFile 
      Position 5655.47 0 1488.28
      Rotations 0 0 0
      AnimSpeed 1
      Scale 0.01
   Node
      Type External
      Name 
      BaseFile 
      Position 5655.47 0 2083.59
      Rotations 0 0 0
      AnimSpeed 1
      Scale 0.01
   Node
      Type External
      Name 
      BaseFile 
      Position 5655.47 0 3274.22
      Rotations 0 0 0
      AnimSpeed 1
      Scale 0.01
   Node
      Type External
      Name 
      BaseFile 
      Position 5655.47 0 3869.53
      Rotations 0 0 0
      AnimSpeed 1
      Scale 0.01
   Node
      Type External
      Name 
      BaseFile 
      Position 5655.47 0 4464.84
      Rotations 0 0 0
      AnimSpeed 1
      Scale 0.01
   Node
      Type External
      Name 
      BaseFile 
      Position 5655.47 0 5060.16
      Rotations 0 0 0
      AnimSpeed 1
      Scale 0.01
   Node
      Type External
      Name 
      BaseFile 
      Position 6250.78 0 892.969
      Rotations 0 0 0
      AnimSpeed 1
      Scale 0.01
   Node
      Type External
      Name 
      BaseFile 
      Position 6250.78 0 1488.28
      Rotations 0 0 0
      AnimSpeed 1
      Scale 0.01
   Node
      Type External
      Name 
      BaseFile 
      Position 6250.78 0 2083.59
      Rotations 0 0 0
      AnimSpeed 1
      Scale 0.01
   Node
      Type External
      Name 
      BaseFile 
      Position 6250.78 0 3869.53
      Rotations 0 0 0
      AnimSpeed 1
      Scale 0.01
   Node
      Type External
      Name 
      BaseFile 
      Position 6250.78 0 4464.84
      Rotations 0 0 0
      AnimSpeed 1
      Scale 0.01
   Node
      Type External
      Name 
      BaseFile 
      Position 6250.78 0 5060.16
      Rotations 0 0 0
      AnimSpeed 1
      Scale 0.01
   Node
      Type External
      Name 
      BaseFile 
      Position 6250.78 0 5655.47
      Rotations 0 0 0
      AnimSpeed 1
      Scale 0.01
   Node
      Type External
      Name 
      BaseFile 
      Position 6250.78 0 6250.78
      Rotations 0 0 0
      AnimSpeed 1
      Scale 0.01
   Node
      Type External
      Name 
      BaseFile 
      Position 6846.09 0 892.969
      Rotations 0 0 0
      AnimSpeed 1
      Scale 0.01
   Node
      Type External
      Name 
      BaseFile 
      Position 6846.09 0 1488.28
      Rotations 0 0 0
      AnimSpeed 1
      Scale 0.01
   Node
      Type External
      Name 
      BaseFile 
      Position 6846.09 0 2083.59
      Rotations 0 0 0
      AnimSpeed 1
      Scale 0.01
   Node
      Type External
      Name 
      BaseFile 
      Position 6846.09 0 5060.16
      Rotations 0 0 0
      AnimSpeed 1
      Scale 0.01
   Node
      Type External
      Name 
      BaseFile 
      Position 6846.09 0 5655.47
      Rotations 0 0 0
      AnimSpeed 1
      Scale 0.01
   Node
      Type External
      Name 
      BaseFile 
      Position 6846.09 0 6250.78
      Rotations 0 0 0
      AnimSpeed 1
      Scale 0.01
   Node
      Type External
      Name 
      BaseFile 
      Position 7441.41 0 1488.28
      Rotations 0 0 0
      AnimSpeed 1
      Scale 0.01
   Node
      Type External
      Name 
      BaseFile 
      Position 7441.41 0 2083.59
      Rotations 0 0 0
      AnimSpeed 1
      Scale 0.01
   Node
      Type External
      Name 
      BaseFile 
      Position 7441.41 0 6250.78
      Rotations 0 0 0
      AnimSpeed 1
      Scale 0.01
   Node
      Type proctree
      Position 1014.37 296.05 2094.84
      Rotations -3 -81 0
      Name Unnamed
      Materials materials/bark materials/leaves
      seed 353
      ImpostorDistance 0
      trunkrad 5
      trunknumsegs 8
      trunknumslices 10
      trunktaper 0.9
      maxtrunkangle 5
      maxbranchangle 25
      initheight 100
      heightreductionperc 0.5
      initrad 5
      radreductionperc 0.2
      numlevels 2
      numslices 3
      numsegs 5
      numbranches0 0
      numbranches1 1
      numbranches2 3
      curvecoeff 0.01
      maxangle 70
      minangle 20
      sidebranches 4
      minsidebranchangle -40
      maxsidebranchangle -20
      branchafter 3
      sidetaper 0.9
      sidesizeperc 0.75
      numleaves 1
      leafsize 30
      leafsegs 2
      leafcurve 7
      firstleaflevel 2
   Node
      Type proctree
      Position 2346.09 324.173 4380.75
      Rotations 2 10 0
      Name Unnamed
      Materials materials/bark materials/leaves
      seed 251
      ImpostorDistance 300
      trunkrad 25
      trunknumsegs 8
      trunknumslices 10
      trunktaper 0.85
      maxtrunkangle 5
      maxbranchangle 10
      initheight 250
      heightreductionperc 0.8
      initrad 5
      radreductionperc 0.1
      numlevels 2
      numslices 3
      numsegs 5
      numbranches0 0
      numbranches1 2
      numbranches2 3
      curvecoeff 0.01
      maxangle 70
      minangle 20
      sidebranches 10
      minsidebranchangle -40
      maxsidebranchangle 20
      branchafter 5
      sidetaper 0.9
      sidesizeperc 0.75
      numleaves 1
      leafsize 70
      leafsegs 2
      leafcurve 5
      firstleaflevel 2
   Node
      Type proctree
      Position 5280.82 -6.22382 1740.84
      Rotations -5 463 0
      Name Unnamed
      Materials materials/bark materials/leaves
      seed 274
      ImpostorDistance 300
      trunkrad 30
      trunknumsegs 8
      trunknumslices 10
      trunktaper 0.9
      maxtrunkangle 5
      maxbranchangle 10
      initheight 250
      heightreductionperc 0.8
      initrad 5
      radreductionperc 0.1
      numlevels 2
      numslices 3
      numsegs 5
      numbranches0 0
      numbranches1 2
      numbranches2 3
      curvecoeff 0.01
      maxangle 70
      minangle 20
      sidebranches 12
      minsidebranchangle -60
      maxsidebranchangle 20
      branchafter 5
      sidetaper 0.9
      sidesizeperc 0.75
      numleaves 1
      leafsize 70
      leafsegs 2
      leafcurve 5
      firstleaflevel 2
   Node
      Type proctree
      Position 5605.54 168.711 3452.08
      Rotations -5 463 0
      Name Unnamed
      Materials materials/bark materials/leaves
      seed 277
      ImpostorDistance 300
      trunkrad 20
      trunknumsegs 8
      trunknumslices 10
      trunktaper 0.9
      maxtrunkangle 5
      maxbranchangle 10
      initheight 200
      heightreductionperc 0.8
      initrad 5
      radreductionperc 0.1
      numlevels 2
      numslices 3
      numsegs 5
      numbranches0 0
      numbranches1 2
      numbranches2 3
      curvecoeff 0.01
      maxangle 70
      minangle 20
      sidebranches 12
      minsidebranchangle -60
      maxsidebranchangle 20
      branchafter 5
      sidetaper 0.9
      sidesizeperc 0.75
      numleaves 1
      leafsize 70
      leafsegs 2
      leafcurve 5
      firstleaflevel 2
   Node
      Type proctree
      Position 4817.09 63.1202 2196.79
      Rotations -2 245 0
      Name Unnamed
      Materials materials/bark materials/leaves
      seed 261
      ImpostorDistance 300
      trunkrad 30
      trunknumsegs 8
      trunknumslices 10
      trunktaper 0.9
      maxtrunkangle 5
      maxbranchangle 10
      initheight 220
      heightreductionperc 0.8
      initrad 5
      radreductionperc 0.1
      numlevels 2
      numslices 3
      numsegs 5
      numbranches0 0
      numbranches1 2
      numbranches2 3
      curvecoeff 0.01
      maxangle 70
      minangle 20
      sidebranches 12
      minsidebranchangle -60
      maxsidebranchangle 20
      branchafter 5
      sidetaper 0.9
      sidesizeperc 0.75
      numleaves 1
      leafsize 70
      leafsegs 2
      leafcurve 5
      firstleaflevel 2
   Node
      Type proctree
      Position 1033.52 44.0874 2507.53
      Rotations 47 46 0
      Name Unnamed
      Materials materials/bark materials/leaves
      seed 456
      ImpostorDistance 0
      trunkrad 5
      trunknumsegs 8
      trunknumslices 10
      trunktaper 0.9
      maxtrunkangle 15
      maxbranchangle 25
      initheight 150
      heightreductionperc 0.5
      initrad 5
      radreductionperc 0.2
      numlevels 2
      numslices 3
      numsegs 5
      numbranches0 0
      numbranches1 1
      numbranches2 3
      curvecoeff 0.01
      maxangle 70
      minangle 20
      sidebranches 4
      minsidebranchangle -50
      maxsidebranchangle -40
      branchafter 2
      sidetaper 0.8
      sidesizeperc 0.75
      numleaves 1
      leafsize 30
      leafsegs 2
      leafcurve 5
      firstleaflevel 2
   Node
      Type proctree
      Position 3403.28 24.0227 5694.62
      Rotations -5 460 0
      Name Unnamed
      Materials materials/bark materials/leaves
      seed 261
      ImpostorDistance 300
      trunkrad 30
      trunknumsegs 8
      trunknumslices 10
      trunktaper 0.9
      maxtrunkangle 5
      maxbranchangle 10
      initheight 220
      heightreductionperc 0.8
      initrad 5
      radreductionperc 0.1
      numlevels 2
      numslices 3
      numsegs 5
      numbranches0 0
      numbranches1 2
      numbranches2 3
      curvecoeff 0.01
      maxangle 70
      minangle 20
      sidebranches 12
      minsidebranchangle -60
      maxsidebranchangle 20
      branchafter 5
      sidetaper 0.9
      sidesizeperc 0.75
      numleaves 1
      leafsize 70
      leafsegs 2
      leafcurve 5
      firstleaflevel 2
   Node
      Type proctree
      Position 6892.05 229.781 6081.81
      Rotations 8 -110 0
      Name Unnamed
      Materials materials/bark materials/leaves
      seed 463
      ImpostorDistance 100
      trunkrad 5
      trunknumsegs 8
      trunknumslices 10
      trunktaper 0.9
      maxtrunkangle 15
      maxbranchangle 25
      initheight 150
      heightreductionperc 0.5
      initrad 5
      radreductionperc 0.2
      numlevels 2
      numslices 3
      numsegs 5
      numbranches0 0
      numbranches1 1
      numbranches2 3
      curvecoeff 0.01
      maxangle 70
      minangle 20
      sidebranches 4
      minsidebranchangle -50
      maxsidebranchangle -40
      branchafter 2
      sidetaper 0.8
      sidesizeperc 0.75
      numleaves 1
      leafsize 30
      leafsegs 2
      leafcurve 5
      firstleaflevel 2
   Node
      Type proctree
      Position 1417.24 243.193 6319.79
      Rotations -5 463 0
      Name Unnamed
      Materials materials/bark materials/leaves
      seed 274
      ImpostorDistance 300
      trunkrad 30
      trunknumsegs 8
      trunknumslices 10
      trunktaper 0.9
      maxtrunkangle 5
      maxbranchangle 10
      initheight 250
      heightreductionperc 0.8
      initrad 5
      radreductionperc 0.1
      numlevels 2
      numslices 3
      numsegs 5
      numbranches0 0
      numbranches1 2
      numbranches2 3
      curvecoeff 0.01
      maxangle 70
      minangle 20
      sidebranches 12
      minsidebranchangle -60
      maxsidebranchangle 20
      branchafter 5
      sidetaper 0.9
      sidesizeperc 0.75
      numleaves 1
      leafsize 70
      leafsegs 2
      leafcurve 5
      firstleaflevel 2
   Node
      Type proctree
      Position 3940.63 57.1597 5138.29
      Rotations 40 130 0
      Name Unnamed
      Materials materials/bark materials/leaves
      seed 456
      ImpostorDistance 0
      trunkrad 5
      trunknumsegs 8
      trunknumslices 10
      trunktaper 0.9
      maxtrunkangle 15
      maxbranchangle 25
      initheight 150
      heightreductionperc 0.5
      initrad 5
      radreductionperc 0.2
      numlevels 2
      numslices 3
      numsegs 5
      numbranches0 0
      numbranches1 1
      numbranches2 3
      curvecoeff 0.01
      maxangle 70
      minangle 20
      sidebranches 4
      minsidebranchangle -50
      maxsidebranchangle -40
      branchafter 2
      sidetaper 0.8
      sidesizeperc 0.75
      numleaves 1
      leafsize 30
      leafsegs 2
      leafcurve 5
      firstleaflevel 2
