TileSize 60
HeightScale 3.8
ZeroHeight 30
Stretch 8

LightData
Direction -1 1 -1
Diffuse 1 1 1 1
Specular 1 1 1 1
Ambient .2 .2 .2 1

SkyBox materials/sky

TerrainMaterial materials/terrain/riverside
Node
   TerrainParams
   Node
      Texture0
      HeightRange -10000 10000
      SlopeRange 0 0
      RandRange 0 10
   Node
      Texture1
      HeightRange -10000 10000
      SlopeRange 0 0
      RandRange 0 10
   Node
      Texture2
      HeightRange -10000 -10000
      SlopeRange 0 .80
      RandRange 500 500
   Node
      Texture3
      HeightRange -10000 5
      SlopeRange 0 0
      RandRange 500 500
   Node
      Texture4
      HeightRange -10000 -10000
      SlopeRange 0 0
      RandRange 0 10
   Node
      Texture5
      HeightRange -10000 -10000
      SlopeRange 0 0
      RandRange 0 10
      
Node
   GrassData
   Node
      File grass
      Model models/grass/base
      GroupSize 10
      Density 0
      MinTilt 5
      MaxTilt 25

Node
   SpawnPoints
   Node
      Team 1
      Location 2100 350 1700
      Name Base1
   Node
      Team 2
      Location 6050 400 6150
      Name Base2
      
Node
   Objects
