TileSize 40
HeightScale 5
ZeroHeight 10
Stretch 8

LightData
Direction 1 1.1 1
Diffuse .8 .8 .8 1
Specular 1 1 1 1
Ambient .4 .4 .4 1

SkyBox materials/sky
Water materials/water
TerrainMaterial materials/terrain/tropical
Node
   TerrainParams
   Node
      Texture0
      File textures/grass/greengrass.png
      HeightRange -10000 10000
      SlopeRange 0 0
      RandRange 0 10
   Node
      Texture1
      File textures/rock/mossyrock.png
      HeightRange -10000 -10000
      SlopeRange 0 .80
      RandRange 500 500
   Node
      Texture2
      File textures/dirt.png
      HeightRange -10000 5
      SlopeRange 0 0
      RandRange 500 500
      
Node
   GrassData
   Node
      File grass
      Model models/orangeflowers/base
      GroupSize 10
      Density 15
      MinTilt 0
      MaxTilt 5
      Scale .5
   Node
      File grass
      Model models/purpleflowers/base
      GroupSize 10
      Density 25
      MinTilt 0
      MaxTilt 5
      Scale .5

Node
   SpawnPoints
   Node
      Team 1
      Location 800 1150 933
      Name Base1
   Node
      Team 2
      Location 4130 125 4130
      Name Base2
   Node
      Team 2
      Location 4400 1200 1050
      Name Base2
      
Node
   Objects
   