TileSize 20
HeightScale .8
ZeroHeight 30
NumTextures 18
Stretch 8

LightData
Direction -1 1 -1
Diffuse 1.5 1.5 1.5 1
Specular 1 1 1 1
Ambient .2 .2 .2 1

SkyBox materials/sky

TerrainMaterial materials/terrain
Node
   TerrainParams
   Node
      Texture0
      HeightRange -10000 10000
      SlopeRange 0 0
      RandRange 0 10
   Node
      Texture1
      HeightRange -10000 10000
      SlopeRange 0 0
      RandRange 0 10
   Node
      Texture2
      HeightRange -10000 -10000
      SlopeRange 0 .80
      RandRange 500 500
   Node
      Texture3
      HeightRange -10000 5
      SlopeRange 0 0
      RandRange 500 500
   Node
      Texture4
      HeightRange -10000 -10000
      SlopeRange 0 0
      RandRange 0 10
   Node
      Texture5
      HeightRange -10000 -10000
      SlopeRange 0 0
      RandRange 0 10
      
Node
   GrassData
ENDOFGRASS
   Node
      File grass
      Model models/grass/base
      GroupSize 20
      Density 3

Node
   SpawnPoints
   Node
      Team 1
      Location 150 150 150
      Name Team1Spawn
   Node
      Team 2
      Location 250 250 250
      Name Team2Spawn
      
Node
   Objects